I'm sorry, but errors were detected in your script. Please correct the
errors listed below, and try again.


The label qqq is defined twice, at File "game/script.rpy", line 226:
label qqq:
and File "game/script.rpy", line 455:
label qqq:


Ren'Py Version: Ren'Py 8.0.3.22090809
Sun Feb 18 11:52:13 2024
